// Jest Snapshot v1, https://goo.gl/fbAQLP

exports[`renders correctly 1`] = `
<div
  className="loader-bars flex-container"
>
  <div
    className="loader-bar"
  />
  <div
    className="loader-bar"
  />
  <div
    className="loader-bar"
  />
  <div
    className="loader-bar"
  />
  <div
    className="loader-bar"
  />
  <div
    className="loader-bar"
  />
  <div
    className="loader-bar"
  />
  <div
    className="loader-bar"
  />
</div>
`;
